[6.483s] Invoking command in '/home/winicon/swarm_control/build/robots_nav_contr': PYTHONPATH=/home/winicon/swarm_control/build/robots_nav_contr/prefix_override:/usr/lib/python3/dist-packages/colcon_core/task/python/colcon_distutils_commands:/home/winicon/swarm_control/install/robots_nav_contr/lib/python3.10/site-packages:${PYTHONPATH} /usr/bin/python3 -W ignore:setup.py install is deprecated setup.py develop --editable --build-directory /home/winicon/swarm_control/build/robots_nav_contr/build --no-deps symlink_data
[7.695s] running develop
[8.041s] running egg_info
[8.045s] writing robots_nav_contr.egg-info/PKG-INFO
[8.045s] writing dependency_links to robots_nav_contr.egg-info/dependency_links.txt
[8.045s] writing entry points to robots_nav_contr.egg-info/entry_points.txt
[8.045s] writing requirements to robots_nav_contr.egg-info/requires.txt
[8.045s] writing top-level names to robots_nav_contr.egg-info/top_level.txt
[8.047s] reading manifest file 'robots_nav_contr.egg-info/SOURCES.txt'
[8.050s] writing manifest file 'robots_nav_contr.egg-info/SOURCES.txt'
[8.051s] running build_ext
[8.052s] Creating /home/winicon/swarm_control/install/robots_nav_contr/lib/python3.10/site-packages/robots-nav-contr.egg-link (link to .)
[8.054s] Installing robot_command_receiver script to /home/winicon/swarm_control/install/robots_nav_contr/lib/robots_nav_contr
[8.054s] Installing robots_nav_controller script to /home/winicon/swarm_control/install/robots_nav_contr/lib/robots_nav_contr
[8.054s] Installing robots_serial_commands script to /home/winicon/swarm_control/install/robots_nav_contr/lib/robots_nav_contr
[8.055s] 
[8.055s] Installed /home/winicon/swarm_control/build/robots_nav_contr
[8.055s] running symlink_data
[8.057s] symbolically linking /home/winicon/swarm_control/build/robots_nav_contr/resource/robots_nav_contr -> /home/winicon/swarm_control/install/robots_nav_contr/share/ament_index/resource_index/packages
[8.061s] error: [Errno 17] File exists: '/home/winicon/swarm_control/build/robots_nav_contr/resource/robots_nav_contr' -> '/home/winicon/swarm_control/install/robots_nav_contr/share/ament_index/resource_index/packages/robots_nav_contr'
[8.147s] Invoked command in '/home/winicon/swarm_control/build/robots_nav_contr' returned '1': PYTHONPATH=/home/winicon/swarm_control/build/robots_nav_contr/prefix_override:/usr/lib/python3/dist-packages/colcon_core/task/python/colcon_distutils_commands:/home/winicon/swarm_control/install/robots_nav_contr/lib/python3.10/site-packages:${PYTHONPATH} /usr/bin/python3 -W ignore:setup.py install is deprecated setup.py develop --editable --build-directory /home/winicon/swarm_control/build/robots_nav_contr/build --no-deps symlink_data
