[0.431s] DEBUG:colcon:Command line arguments: ['/usr/bin/colcon', 'build', '--symlink-install']
[0.431s] DEBUG:colcon:Parsed command line arguments: Namespace(log_base=None, log_level=None, verb_name='build', build_base='build', install_base='install', merge_install=False, symlink_install=True, test_result_base=None, continue_on_error=False, executor='parallel', parallel_workers=4, event_handlers=None, ignore_user_meta=False, metas=['./colcon.meta'], base_paths=['.'], packages_ignore=None, packages_ignore_regex=None, paths=None, packages_up_to=None, packages_up_to_regex=None, packages_above=None, packages_above_and_dependencies=None, packages_above_depth=None, packages_select_by_dep=None, packages_skip_by_dep=None, packages_skip_up_to=None, packages_select_build_failed=False, packages_skip_build_finished=False, packages_select_test_failures=False, packages_skip_test_passed=False, packages_select=None, packages_skip=None, packages_select_regex=None, packages_skip_regex=None, packages_start=None, packages_end=None, allow_overriding=[], cmake_args=None, cmake_target=None, cmake_target_skip_unavailable=False, cmake_clean_cache=False, cmake_clean_first=False, cmake_force_configure=False, ament_cmake_args=None, catkin_cmake_args=None, catkin_skip_building_tests=False, verb_parser=<colcon_defaults.argument_parser.defaults.DefaultArgumentsDecorator object at 0xffff8d0dfbb0>, verb_extension=<colcon_core.verb.build.BuildVerb object at 0xffff8d2e0370>, main=<bound method BuildVerb.main of <colcon_core.verb.build.BuildVerb object at 0xffff8d2e0370>>)
[1.265s] Level 1:colcon.colcon_core.package_discovery:discover_packages(colcon_meta) check parameters
[1.266s] Level 1:colcon.colcon_core.package_discovery:discover_packages(recursive) check parameters
[1.266s] Level 1:colcon.colcon_core.package_discovery:discover_packages(ignore) check parameters
[1.266s] Level 1:colcon.colcon_core.package_discovery:discover_packages(path) check parameters
[1.266s] Level 1:colcon.colcon_core.package_discovery:discover_packages(colcon_meta) discover
[1.266s] Level 1:colcon.colcon_core.package_discovery:discover_packages(recursive) discover
[1.267s] INFO:colcon.colcon_core.package_discovery:Crawling recursively for packages in '/home/winicon/redEye/src/RobotControl_ws/src'
[1.267s] Level 1:colcon.colcon_core.package_identification:_identify(.) by extensions ['ignore', 'ignore_ament_install']
[1.267s] Level 1:colcon.colcon_core.package_identification:_identify(.) by extension 'ignore'
[1.267s] Level 1:colcon.colcon_core.package_identification:_identify(.) by extension 'ignore_ament_install'
[1.268s] Level 1:colcon.colcon_core.package_identification:_identify(.) by extensions ['colcon_pkg']
[1.268s] Level 1:colcon.colcon_core.package_identification:_identify(.) by extension 'colcon_pkg'
[1.268s] Level 1:colcon.colcon_core.package_identification:_identify(.) by extensions ['colcon_meta']
[1.268s] Level 1:colcon.colcon_core.package_identification:_identify(.) by extension 'colcon_meta'
[1.268s] Level 1:colcon.colcon_core.package_identification:_identify(.) by extensions ['ros']
[1.268s] Level 1:colcon.colcon_core.package_identification:_identify(.) by extension 'ros'
[1.314s] Level 1:colcon.colcon_core.package_identification:_identify(.) by extensions ['cmake', 'python']
[1.315s] Level 1:colcon.colcon_core.package_identification:_identify(.) by extension 'cmake'
[1.315s] Level 1:colcon.colcon_core.package_identification:_identify(.) by extension 'python'
[1.315s] Level 1:colcon.colcon_core.package_identification:_identify(.) by extensions ['python_setup_py']
[1.315s] Level 1:colcon.colcon_core.package_identification:_identify(.) by extension 'python_setup_py'
[1.316s] Level 1:colcon.colcon_core.package_identification:_identify(build) by extensions ['ignore', 'ignore_ament_install']
[1.316s] Level 1:colcon.colcon_core.package_identification:_identify(build) by extension 'ignore'
[1.316s] Level 1:colcon.colcon_core.package_identification:_identify(build) ignored
[1.317s] Level 1:colcon.colcon_core.package_identification:_identify(install) by extensions ['ignore', 'ignore_ament_install']
[1.317s] Level 1:colcon.colcon_core.package_identification:_identify(install) by extension 'ignore'
[1.317s] Level 1:colcon.colcon_core.package_identification:_identify(install) ignored
[1.318s] Level 1:colcon.colcon_core.package_identification:_identify(log) by extensions ['ignore', 'ignore_ament_install']
[1.318s] Level 1:colcon.colcon_core.package_identification:_identify(log) by extension 'ignore'
[1.318s] Level 1:colcon.colcon_core.package_identification:_identify(log) ignored
[1.318s] Level 1:colcon.colcon_core.package_identification:_identify(robots_nav_contr) by extensions ['ignore', 'ignore_ament_install']
[1.319s] Level 1:colcon.colcon_core.package_identification:_identify(robots_nav_contr) by extension 'ignore'
[1.319s] Level 1:colcon.colcon_core.package_identification:_identify(robots_nav_contr) by extension 'ignore_ament_install'
[1.319s] Level 1:colcon.colcon_core.package_identification:_identify(robots_nav_contr) by extensions ['colcon_pkg']
[1.319s] Level 1:colcon.colcon_core.package_identification:_identify(robots_nav_contr) by extension 'colcon_pkg'
[1.319s] Level 1:colcon.colcon_core.package_identification:_identify(robots_nav_contr) by extensions ['colcon_meta']
[1.320s] Level 1:colcon.colcon_core.package_identification:_identify(robots_nav_contr) by extension 'colcon_meta'
[1.320s] Level 1:colcon.colcon_core.package_identification:_identify(robots_nav_contr) by extensions ['ros']
[1.320s] Level 1:colcon.colcon_core.package_identification:_identify(robots_nav_contr) by extension 'ros'
[1.333s] DEBUG:colcon.colcon_core.package_identification:Package 'robots_nav_contr' with type 'ros.ament_python' and name 'robots_nav_contr'
[1.333s] Level 1:colcon.colcon_core.package_discovery:discover_packages(recursive) using defaults
[1.334s] Level 1:colcon.colcon_core.package_discovery:discover_packages(ignore) discover
[1.334s] Level 1:colcon.colcon_core.package_discovery:discover_packages(ignore) using defaults
[1.334s] Level 1:colcon.colcon_core.package_discovery:discover_packages(path) discover
[1.334s] Level 1:colcon.colcon_core.package_discovery:discover_packages(path) using defaults
[1.409s] Level 1:colcon.colcon_core.package_discovery:discover_packages(prefix_path) check parameters
[1.409s] Level 1:colcon.colcon_core.package_discovery:discover_packages(prefix_path) discover
[1.422s] DEBUG:colcon.colcon_installed_package_information.package_discovery:Found 270 installed packages in /opt/ros/humble
[1.433s] Level 1:colcon.colcon_core.package_discovery:discover_packages(prefix_path) using defaults
[1.656s] Level 5:colcon.colcon_core.verb:set package 'robots_nav_contr' build argument 'cmake_args' from command line to 'None'
[1.657s] Level 5:colcon.colcon_core.verb:set package 'robots_nav_contr' build argument 'cmake_target' from command line to 'None'
[1.657s] Level 5:colcon.colcon_core.verb:set package 'robots_nav_contr' build argument 'cmake_target_skip_unavailable' from command line to 'False'
[1.657s] Level 5:colcon.colcon_core.verb:set package 'robots_nav_contr' build argument 'cmake_clean_cache' from command line to 'False'
[1.657s] Level 5:colcon.colcon_core.verb:set package 'robots_nav_contr' build argument 'cmake_clean_first' from command line to 'False'
[1.657s] Level 5:colcon.colcon_core.verb:set package 'robots_nav_contr' build argument 'cmake_force_configure' from command line to 'False'
[1.657s] Level 5:colcon.colcon_core.verb:set package 'robots_nav_contr' build argument 'ament_cmake_args' from command line to 'None'
[1.658s] Level 5:colcon.colcon_core.verb:set package 'robots_nav_contr' build argument 'catkin_cmake_args' from command line to 'None'
[1.658s] Level 5:colcon.colcon_core.verb:set package 'robots_nav_contr' build argument 'catkin_skip_building_tests' from command line to 'False'
[1.658s] DEBUG:colcon.colcon_core.verb:Building package 'robots_nav_contr' with the following arguments: {'ament_cmake_args': None, 'build_base': '/home/winicon/redEye/src/RobotControl_ws/src/build/robots_nav_contr', 'catkin_cmake_args': None, 'catkin_skip_building_tests': False, 'cmake_args': None, 'cmake_clean_cache': False, 'cmake_clean_first': False, 'cmake_force_configure': False, 'cmake_target': None, 'cmake_target_skip_unavailable': False, 'install_base': '/home/winicon/redEye/src/RobotControl_ws/src/install/robots_nav_contr', 'merge_install': False, 'path': '/home/winicon/redEye/src/RobotControl_ws/src/robots_nav_contr', 'symlink_install': True, 'test_result_base': None}
[1.659s] INFO:colcon.colcon_core.executor:Executing jobs using 'parallel' executor
[1.663s] DEBUG:colcon.colcon_parallel_executor.executor.parallel:run_until_complete
[1.664s] INFO:colcon.colcon_ros.task.ament_python.build:Building ROS package in '/home/winicon/redEye/src/RobotControl_ws/src/robots_nav_contr' with build type 'ament_python'
[1.665s] Level 1:colcon.colcon_core.shell:create_environment_hook('robots_nav_contr', 'ament_prefix_path')
[1.677s] INFO:colcon.colcon_core.plugin_system:Skipping extension 'colcon_core.shell.bat': Not used on non-Windows systems
[1.678s] INFO:colcon.colcon_core.shell:Creating environment hook '/home/winicon/redEye/src/RobotControl_ws/src/install/robots_nav_contr/share/robots_nav_contr/hook/ament_prefix_path.ps1'
[1.684s] INFO:colcon.colcon_core.shell:Creating environment descriptor '/home/winicon/redEye/src/RobotControl_ws/src/install/robots_nav_contr/share/robots_nav_contr/hook/ament_prefix_path.dsv'
[1.687s] INFO:colcon.colcon_core.shell:Creating environment hook '/home/winicon/redEye/src/RobotControl_ws/src/install/robots_nav_contr/share/robots_nav_contr/hook/ament_prefix_path.sh'
[1.693s] INFO:colcon.colcon_core.shell:Skip shell extension 'powershell' for command environment: Not usable outside of PowerShell
[1.693s] DEBUG:colcon.colcon_core.shell:Skip shell extension 'dsv' for command environment
[2.911s] INFO:colcon.colcon_core.task.python.build:Building Python package in '/home/winicon/redEye/src/RobotControl_ws/src/robots_nav_contr'
[2.912s] INFO:colcon.colcon_core.shell:Skip shell extension 'powershell' for command environment: Not usable outside of PowerShell
[2.913s] DEBUG:colcon.colcon_core.shell:Skip shell extension 'dsv' for command environment
[4.708s] DEBUG:colcon.colcon_core.event_handler.log_command:Invoking command in '/home/winicon/redEye/src/RobotControl_ws/src/build/robots_nav_contr': PYTHONPATH=/home/winicon/redEye/src/RobotControl_ws/src/build/robots_nav_contr/prefix_override:/usr/lib/python3/dist-packages/colcon_core/task/python/colcon_distutils_commands:/home/winicon/redEye/src/RobotControl_ws/src/install/robots_nav_contr/lib/python3.10/site-packages:${PYTHONPATH} /usr/bin/python3 -W ignore:setup.py install is deprecated -W ignore:easy_install command is deprecated setup.py develop --editable --build-directory /home/winicon/redEye/src/RobotControl_ws/src/build/robots_nav_contr/build --no-deps symlink_data
[6.841s] Level 1:colcon.colcon_core.shell:create_environment_hook('robots_nav_contr', 'pythonpath_develop')
[6.843s] INFO:colcon.colcon_core.shell:Creating environment hook '/home/winicon/redEye/src/RobotControl_ws/src/build/robots_nav_contr/share/robots_nav_contr/hook/pythonpath_develop.ps1'
[6.844s] DEBUG:colcon.colcon_core.event_handler.log_command:Invoked command in '/home/winicon/redEye/src/RobotControl_ws/src/build/robots_nav_contr' returned '0': PYTHONPATH=/home/winicon/redEye/src/RobotControl_ws/src/build/robots_nav_contr/prefix_override:/usr/lib/python3/dist-packages/colcon_core/task/python/colcon_distutils_commands:/home/winicon/redEye/src/RobotControl_ws/src/install/robots_nav_contr/lib/python3.10/site-packages:${PYTHONPATH} /usr/bin/python3 -W ignore:setup.py install is deprecated -W ignore:easy_install command is deprecated setup.py develop --editable --build-directory /home/winicon/redEye/src/RobotControl_ws/src/build/robots_nav_contr/build --no-deps symlink_data
[6.847s] INFO:colcon.colcon_core.shell:Creating environment descriptor '/home/winicon/redEye/src/RobotControl_ws/src/build/robots_nav_contr/share/robots_nav_contr/hook/pythonpath_develop.dsv'
[6.850s] INFO:colcon.colcon_core.shell:Creating environment hook '/home/winicon/redEye/src/RobotControl_ws/src/build/robots_nav_contr/share/robots_nav_contr/hook/pythonpath_develop.sh'
[6.879s] Level 1:colcon.colcon_core.environment:checking '/home/winicon/redEye/src/RobotControl_ws/src/install/robots_nav_contr' for CMake module files
[6.882s] Level 1:colcon.colcon_core.environment:checking '/home/winicon/redEye/src/RobotControl_ws/src/install/robots_nav_contr' for CMake config files
[6.886s] Level 1:colcon.colcon_core.environment:checking '/home/winicon/redEye/src/RobotControl_ws/src/install/robots_nav_contr/lib'
[6.887s] Level 1:colcon.colcon_core.environment:checking '/home/winicon/redEye/src/RobotControl_ws/src/install/robots_nav_contr/bin'
[6.887s] Level 1:colcon.colcon_core.environment:checking '/home/winicon/redEye/src/RobotControl_ws/src/install/robots_nav_contr/lib/pkgconfig/robots_nav_contr.pc'
[6.888s] Level 1:colcon.colcon_core.environment:checking '/home/winicon/redEye/src/RobotControl_ws/src/install/robots_nav_contr/lib/python3.10/site-packages'
[6.888s] Level 1:colcon.colcon_core.shell:create_environment_hook('robots_nav_contr', 'pythonpath')
[6.889s] INFO:colcon.colcon_core.shell:Creating environment hook '/home/winicon/redEye/src/RobotControl_ws/src/install/robots_nav_contr/share/robots_nav_contr/hook/pythonpath.ps1'
[6.891s] INFO:colcon.colcon_core.shell:Creating environment descriptor '/home/winicon/redEye/src/RobotControl_ws/src/install/robots_nav_contr/share/robots_nav_contr/hook/pythonpath.dsv'
[6.894s] INFO:colcon.colcon_core.shell:Creating environment hook '/home/winicon/redEye/src/RobotControl_ws/src/install/robots_nav_contr/share/robots_nav_contr/hook/pythonpath.sh'
[6.899s] Level 1:colcon.colcon_core.environment:checking '/home/winicon/redEye/src/RobotControl_ws/src/install/robots_nav_contr/bin'
[6.900s] Level 1:colcon.colcon_core.environment:create_environment_scripts_only(robots_nav_contr)
[6.904s] INFO:colcon.colcon_core.shell:Creating package script '/home/winicon/redEye/src/RobotControl_ws/src/install/robots_nav_contr/share/robots_nav_contr/package.ps1'
[6.909s] INFO:colcon.colcon_core.shell:Creating package descriptor '/home/winicon/redEye/src/RobotControl_ws/src/install/robots_nav_contr/share/robots_nav_contr/package.dsv'
[6.912s] INFO:colcon.colcon_core.shell:Creating package script '/home/winicon/redEye/src/RobotControl_ws/src/install/robots_nav_contr/share/robots_nav_contr/package.sh'
[6.917s] INFO:colcon.colcon_core.shell:Creating package script '/home/winicon/redEye/src/RobotControl_ws/src/install/robots_nav_contr/share/robots_nav_contr/package.bash'
[6.922s] INFO:colcon.colcon_core.shell:Creating package script '/home/winicon/redEye/src/RobotControl_ws/src/install/robots_nav_contr/share/robots_nav_contr/package.zsh'
[6.927s] Level 1:colcon.colcon_core.environment:create_file_with_runtime_dependencies(/home/winicon/redEye/src/RobotControl_ws/src/install/robots_nav_contr/share/colcon-core/packages/robots_nav_contr)
[6.931s] DEBUG:colcon.colcon_parallel_executor.executor.parallel:closing loop
[6.932s] DEBUG:colcon.colcon_parallel_executor.executor.parallel:loop closed
[6.933s] DEBUG:colcon.colcon_parallel_executor.executor.parallel:run_until_complete finished with '0'
[6.933s] DEBUG:colcon.colcon_core.event_reactor:joining thread
[6.962s] INFO:colcon.colcon_core.plugin_system:Skipping extension 'colcon_notification.desktop_notification.terminal_notifier': Not used on non-Darwin systems
[6.963s] INFO:colcon.colcon_core.plugin_system:Skipping extension 'colcon_notification.desktop_notification.win32': Not used on non-Windows systems
[6.963s] INFO:colcon.colcon_notification.desktop_notification:Sending desktop notification using 'notify2'
[7.007s] DEBUG:colcon.colcon_notification.desktop_notification.notify2:Failed to initialize notify2: org.freedesktop.DBus.Error.Spawn.ChildExited: Process org.freedesktop.Notifications exited with status 1
[7.008s] DEBUG:colcon.colcon_core.event_reactor:joined thread
[7.009s] INFO:colcon.colcon_core.shell:Creating prefix script '/home/winicon/redEye/src/RobotControl_ws/src/install/local_setup.ps1'
[7.013s] INFO:colcon.colcon_core.shell:Creating prefix util module '/home/winicon/redEye/src/RobotControl_ws/src/install/_local_setup_util_ps1.py'
[7.019s] INFO:colcon.colcon_core.shell:Creating prefix chain script '/home/winicon/redEye/src/RobotControl_ws/src/install/setup.ps1'
[7.024s] INFO:colcon.colcon_core.shell:Creating prefix script '/home/winicon/redEye/src/RobotControl_ws/src/install/local_setup.sh'
[7.027s] INFO:colcon.colcon_core.shell:Creating prefix util module '/home/winicon/redEye/src/RobotControl_ws/src/install/_local_setup_util_sh.py'
[7.029s] INFO:colcon.colcon_core.shell:Creating prefix chain script '/home/winicon/redEye/src/RobotControl_ws/src/install/setup.sh'
[7.033s] INFO:colcon.colcon_core.shell:Creating prefix script '/home/winicon/redEye/src/RobotControl_ws/src/install/local_setup.bash'
[7.035s] INFO:colcon.colcon_core.shell:Creating prefix chain script '/home/winicon/redEye/src/RobotControl_ws/src/install/setup.bash'
[7.039s] INFO:colcon.colcon_core.shell:Creating prefix script '/home/winicon/redEye/src/RobotControl_ws/src/install/local_setup.zsh'
[7.041s] INFO:colcon.colcon_core.shell:Creating prefix chain script '/home/winicon/redEye/src/RobotControl_ws/src/install/setup.zsh'
