[0.181s] DEBUG:colcon:Command line arguments: ['/usr/bin/colcon', 'build', '--symlink-install']
[0.181s] DEBUG:colcon:Parsed command line arguments: Namespace(log_base=None, log_level=None, verb_name='build', build_base='build', install_base='install', merge_install=False, symlink_install=True, test_result_base=None, continue_on_error=False, executor='parallel', parallel_workers=4, event_handlers=None, ignore_user_meta=False, metas=['./colcon.meta'], base_paths=['.'], packages_ignore=None, packages_ignore_regex=None, paths=None, packages_up_to=None, packages_up_to_regex=None, packages_above=None, packages_above_and_dependencies=None, packages_above_depth=None, packages_select_by_dep=None, packages_skip_by_dep=None, packages_skip_up_to=None, packages_select_build_failed=False, packages_skip_build_finished=False, packages_select_test_failures=False, packages_skip_test_passed=False, packages_select=None, packages_skip=None, packages_select_regex=None, packages_skip_regex=None, packages_start=None, packages_end=None, allow_overriding=[], cmake_args=None, cmake_target=None, cmake_target_skip_unavailable=False, cmake_clean_cache=False, cmake_clean_first=False, cmake_force_configure=False, ament_cmake_args=None, catkin_cmake_args=None, catkin_skip_building_tests=False, verb_parser=<colcon_defaults.argument_parser.defaults.DefaultArgumentsDecorator object at 0x74dabc334eb0>, verb_extension=<colcon_core.verb.build.BuildVerb object at 0x74dabc3349a0>, main=<bound method BuildVerb.main of <colcon_core.verb.build.BuildVerb object at 0x74dabc3349a0>>)
[0.535s] Level 1:colcon.colcon_core.package_discovery:discover_packages(colcon_meta) check parameters
[0.536s] Level 1:colcon.colcon_core.package_discovery:discover_packages(recursive) check parameters
[0.536s] Level 1:colcon.colcon_core.package_discovery:discover_packages(ignore) check parameters
[0.536s] Level 1:colcon.colcon_core.package_discovery:discover_packages(path) check parameters
[0.536s] Level 1:colcon.colcon_core.package_discovery:discover_packages(colcon_meta) discover
[0.536s] Level 1:colcon.colcon_core.package_discovery:discover_packages(recursive) discover
[0.536s] INFO:colcon.colcon_core.package_discovery:Crawling recursively for packages in '/home/winicon/RobotControl_ws'
[0.536s] Level 1:colcon.colcon_core.package_identification:_identify(.) by extensions ['ignore', 'ignore_ament_install']
[0.537s] Level 1:colcon.colcon_core.package_identification:_identify(.) by extension 'ignore'
[0.537s] Level 1:colcon.colcon_core.package_identification:_identify(.) by extension 'ignore_ament_install'
[0.537s] Level 1:colcon.colcon_core.package_identification:_identify(.) by extensions ['colcon_pkg']
[0.537s] Level 1:colcon.colcon_core.package_identification:_identify(.) by extension 'colcon_pkg'
[0.537s] Level 1:colcon.colcon_core.package_identification:_identify(.) by extensions ['colcon_meta']
[0.537s] Level 1:colcon.colcon_core.package_identification:_identify(.) by extension 'colcon_meta'
[0.537s] Level 1:colcon.colcon_core.package_identification:_identify(.) by extensions ['ros']
[0.537s] Level 1:colcon.colcon_core.package_identification:_identify(.) by extension 'ros'
[0.561s] Level 1:colcon.colcon_core.package_identification:_identify(.) by extensions ['cmake', 'python']
[0.561s] Level 1:colcon.colcon_core.package_identification:_identify(.) by extension 'cmake'
[0.561s] Level 1:colcon.colcon_core.package_identification:_identify(.) by extension 'python'
[0.561s] Level 1:colcon.colcon_core.package_identification:_identify(.) by extensions ['python_setup_py']
[0.561s] Level 1:colcon.colcon_core.package_identification:_identify(.) by extension 'python_setup_py'
[0.561s] Level 1:colcon.colcon_core.package_identification:_identify(build) by extensions ['ignore', 'ignore_ament_install']
[0.562s] Level 1:colcon.colcon_core.package_identification:_identify(build) by extension 'ignore'
[0.562s] Level 1:colcon.colcon_core.package_identification:_identify(build) ignored
[0.562s] Level 1:colcon.colcon_core.package_identification:_identify(install) by extensions ['ignore', 'ignore_ament_install']
[0.562s] Level 1:colcon.colcon_core.package_identification:_identify(install) by extension 'ignore'
[0.562s] Level 1:colcon.colcon_core.package_identification:_identify(install) ignored
[0.562s] Level 1:colcon.colcon_core.package_identification:_identify(log) by extensions ['ignore', 'ignore_ament_install']
[0.562s] Level 1:colcon.colcon_core.package_identification:_identify(log) by extension 'ignore'
[0.563s] Level 1:colcon.colcon_core.package_identification:_identify(log) ignored
[0.563s] Level 1:colcon.colcon_core.package_identification:_identify(src) by extensions ['ignore', 'ignore_ament_install']
[0.563s] Level 1:colcon.colcon_core.package_identification:_identify(src) by extension 'ignore'
[0.564s] Level 1:colcon.colcon_core.package_identification:_identify(src) by extension 'ignore_ament_install'
[0.564s] Level 1:colcon.colcon_core.package_identification:_identify(src) by extensions ['colcon_pkg']
[0.564s] Level 1:colcon.colcon_core.package_identification:_identify(src) by extension 'colcon_pkg'
[0.564s] Level 1:colcon.colcon_core.package_identification:_identify(src) by extensions ['colcon_meta']
[0.564s] Level 1:colcon.colcon_core.package_identification:_identify(src) by extension 'colcon_meta'
[0.564s] Level 1:colcon.colcon_core.package_identification:_identify(src) by extensions ['ros']
[0.564s] Level 1:colcon.colcon_core.package_identification:_identify(src) by extension 'ros'
[0.565s] Level 1:colcon.colcon_core.package_identification:_identify(src) by extensions ['cmake', 'python']
[0.565s] Level 1:colcon.colcon_core.package_identification:_identify(src) by extension 'cmake'
[0.565s] Level 1:colcon.colcon_core.package_identification:_identify(src) by extension 'python'
[0.565s] Level 1:colcon.colcon_core.package_identification:_identify(src) by extensions ['python_setup_py']
[0.565s] Level 1:colcon.colcon_core.package_identification:_identify(src) by extension 'python_setup_py'
[0.565s] Level 1:colcon.colcon_core.package_identification:_identify(src/robots_nav_contr) by extensions ['ignore', 'ignore_ament_install']
[0.566s] Level 1:colcon.colcon_core.package_identification:_identify(src/robots_nav_contr) by extension 'ignore'
[0.566s] Level 1:colcon.colcon_core.package_identification:_identify(src/robots_nav_contr) by extension 'ignore_ament_install'
[0.566s] Level 1:colcon.colcon_core.package_identification:_identify(src/robots_nav_contr) by extensions ['colcon_pkg']
[0.566s] Level 1:colcon.colcon_core.package_identification:_identify(src/robots_nav_contr) by extension 'colcon_pkg'
[0.566s] Level 1:colcon.colcon_core.package_identification:_identify(src/robots_nav_contr) by extensions ['colcon_meta']
[0.566s] Level 1:colcon.colcon_core.package_identification:_identify(src/robots_nav_contr) by extension 'colcon_meta'
[0.566s] Level 1:colcon.colcon_core.package_identification:_identify(src/robots_nav_contr) by extensions ['ros']
[0.566s] Level 1:colcon.colcon_core.package_identification:_identify(src/robots_nav_contr) by extension 'ros'
[0.572s] DEBUG:colcon.colcon_core.package_identification:Package 'src/robots_nav_contr' with type 'ros.ament_python' and name 'robots_nav_contr'
[0.572s] Level 1:colcon.colcon_core.package_discovery:discover_packages(recursive) using defaults
[0.573s] Level 1:colcon.colcon_core.package_discovery:discover_packages(ignore) discover
[0.573s] Level 1:colcon.colcon_core.package_discovery:discover_packages(ignore) using defaults
[0.573s] Level 1:colcon.colcon_core.package_discovery:discover_packages(path) discover
[0.573s] Level 1:colcon.colcon_core.package_discovery:discover_packages(path) using defaults
[0.637s] Level 1:colcon.colcon_core.package_discovery:discover_packages(prefix_path) check parameters
[0.638s] Level 1:colcon.colcon_core.package_discovery:discover_packages(prefix_path) discover
[0.646s] DEBUG:colcon.colcon_installed_package_information.package_discovery:Found 1 installed packages in /home/winicon/ros/ros2_ws/install
[0.647s] DEBUG:colcon.colcon_installed_package_information.package_discovery:Found 4 installed packages in /home/winicon/robot_ws/install
[0.652s] DEBUG:colcon.colcon_installed_package_information.package_discovery:Found 451 installed packages in /opt/ros/humble
[0.656s] Level 1:colcon.colcon_core.package_discovery:discover_packages(prefix_path) using defaults
[0.947s] Level 5:colcon.colcon_core.verb:set package 'robots_nav_contr' build argument 'cmake_args' from command line to 'None'
[0.947s] Level 5:colcon.colcon_core.verb:set package 'robots_nav_contr' build argument 'cmake_target' from command line to 'None'
[0.947s] Level 5:colcon.colcon_core.verb:set package 'robots_nav_contr' build argument 'cmake_target_skip_unavailable' from command line to 'False'
[0.948s] Level 5:colcon.colcon_core.verb:set package 'robots_nav_contr' build argument 'cmake_clean_cache' from command line to 'False'
[0.948s] Level 5:colcon.colcon_core.verb:set package 'robots_nav_contr' build argument 'cmake_clean_first' from command line to 'False'
[0.948s] Level 5:colcon.colcon_core.verb:set package 'robots_nav_contr' build argument 'cmake_force_configure' from command line to 'False'
[0.948s] Level 5:colcon.colcon_core.verb:set package 'robots_nav_contr' build argument 'ament_cmake_args' from command line to 'None'
[0.949s] Level 5:colcon.colcon_core.verb:set package 'robots_nav_contr' build argument 'catkin_cmake_args' from command line to 'None'
[0.949s] Level 5:colcon.colcon_core.verb:set package 'robots_nav_contr' build argument 'catkin_skip_building_tests' from command line to 'False'
[0.949s] DEBUG:colcon.colcon_core.verb:Building package 'robots_nav_contr' with the following arguments: {'ament_cmake_args': None, 'build_base': '/home/winicon/RobotControl_ws/build/robots_nav_contr', 'catkin_cmake_args': None, 'catkin_skip_building_tests': False, 'cmake_args': None, 'cmake_clean_cache': False, 'cmake_clean_first': False, 'cmake_force_configure': False, 'cmake_target': None, 'cmake_target_skip_unavailable': False, 'install_base': '/home/winicon/RobotControl_ws/install/robots_nav_contr', 'merge_install': False, 'path': '/home/winicon/RobotControl_ws/src/robots_nav_contr', 'symlink_install': True, 'test_result_base': None}
[0.949s] INFO:colcon.colcon_core.executor:Executing jobs using 'parallel' executor
[0.952s] DEBUG:colcon.colcon_parallel_executor.executor.parallel:run_until_complete
[0.954s] INFO:colcon.colcon_ros.task.ament_python.build:Building ROS package in '/home/winicon/RobotControl_ws/src/robots_nav_contr' with build type 'ament_python'
[0.954s] Level 1:colcon.colcon_core.shell:create_environment_hook('robots_nav_contr', 'ament_prefix_path')
[0.961s] INFO:colcon.colcon_core.plugin_system:Skipping extension 'colcon_core.shell.bat': Not used on non-Windows systems
[0.962s] INFO:colcon.colcon_core.shell:Creating environment hook '/home/winicon/RobotControl_ws/install/robots_nav_contr/share/robots_nav_contr/hook/ament_prefix_path.ps1'
[1.203s] INFO:colcon.colcon_core.shell:Creating environment descriptor '/home/winicon/RobotControl_ws/install/robots_nav_contr/share/robots_nav_contr/hook/ament_prefix_path.dsv'
[1.211s] INFO:colcon.colcon_core.shell:Creating environment hook '/home/winicon/RobotControl_ws/install/robots_nav_contr/share/robots_nav_contr/hook/ament_prefix_path.sh'
[1.290s] INFO:colcon.colcon_core.shell:Skip shell extension 'powershell' for command environment: Not usable outside of PowerShell
[1.290s] DEBUG:colcon.colcon_core.shell:Skip shell extension 'dsv' for command environment
[2.859s] INFO:colcon.colcon_core.task.python.build:Building Python package in '/home/winicon/RobotControl_ws/src/robots_nav_contr'
[2.860s] INFO:colcon.colcon_core.shell:Skip shell extension 'powershell' for command environment: Not usable outside of PowerShell
[2.860s] DEBUG:colcon.colcon_core.shell:Skip shell extension 'dsv' for command environment
[5.283s] DEBUG:colcon.colcon_core.event_handler.log_command:Invoking command in '/home/winicon/RobotControl_ws/build/robots_nav_contr': PYTHONPATH=/home/winicon/RobotControl_ws/build/robots_nav_contr/prefix_override:/usr/lib/python3/dist-packages/colcon_core/task/python/colcon_distutils_commands:/home/winicon/RobotControl_ws/install/robots_nav_contr/lib/python3.10/site-packages:${PYTHONPATH} /usr/bin/python3 -W ignore:setup.py install is deprecated setup.py develop --editable --build-directory /home/winicon/RobotControl_ws/build/robots_nav_contr/build --no-deps symlink_data
[6.728s] Level 1:colcon.colcon_core.shell:create_environment_hook('robots_nav_contr', 'pythonpath_develop')
[6.729s] INFO:colcon.colcon_core.shell:Creating environment hook '/home/winicon/RobotControl_ws/build/robots_nav_contr/share/robots_nav_contr/hook/pythonpath_develop.ps1'
[6.733s] DEBUG:colcon.colcon_core.event_handler.log_command:Invoked command in '/home/winicon/RobotControl_ws/build/robots_nav_contr' returned '0': PYTHONPATH=/home/winicon/RobotControl_ws/build/robots_nav_contr/prefix_override:/usr/lib/python3/dist-packages/colcon_core/task/python/colcon_distutils_commands:/home/winicon/RobotControl_ws/install/robots_nav_contr/lib/python3.10/site-packages:${PYTHONPATH} /usr/bin/python3 -W ignore:setup.py install is deprecated setup.py develop --editable --build-directory /home/winicon/RobotControl_ws/build/robots_nav_contr/build --no-deps symlink_data
[6.734s] INFO:colcon.colcon_core.shell:Creating environment descriptor '/home/winicon/RobotControl_ws/build/robots_nav_contr/share/robots_nav_contr/hook/pythonpath_develop.dsv'
[6.739s] INFO:colcon.colcon_core.shell:Creating environment hook '/home/winicon/RobotControl_ws/build/robots_nav_contr/share/robots_nav_contr/hook/pythonpath_develop.sh'
[6.747s] Level 1:colcon.colcon_core.environment:checking '/home/winicon/RobotControl_ws/install/robots_nav_contr' for CMake module files
[6.748s] Level 1:colcon.colcon_core.environment:checking '/home/winicon/RobotControl_ws/install/robots_nav_contr' for CMake config files
[6.749s] Level 1:colcon.colcon_core.environment:checking '/home/winicon/RobotControl_ws/install/robots_nav_contr/lib'
[6.749s] Level 1:colcon.colcon_core.environment:checking '/home/winicon/RobotControl_ws/install/robots_nav_contr/bin'
[6.750s] Level 1:colcon.colcon_core.environment:checking '/home/winicon/RobotControl_ws/install/robots_nav_contr/lib/pkgconfig/robots_nav_contr.pc'
[6.750s] Level 1:colcon.colcon_core.environment:checking '/home/winicon/RobotControl_ws/install/robots_nav_contr/lib/python3.10/site-packages'
[6.750s] Level 1:colcon.colcon_core.shell:create_environment_hook('robots_nav_contr', 'pythonpath')
[6.751s] INFO:colcon.colcon_core.shell:Creating environment hook '/home/winicon/RobotControl_ws/install/robots_nav_contr/share/robots_nav_contr/hook/pythonpath.ps1'
[6.753s] INFO:colcon.colcon_core.shell:Creating environment descriptor '/home/winicon/RobotControl_ws/install/robots_nav_contr/share/robots_nav_contr/hook/pythonpath.dsv'
[6.757s] INFO:colcon.colcon_core.shell:Creating environment hook '/home/winicon/RobotControl_ws/install/robots_nav_contr/share/robots_nav_contr/hook/pythonpath.sh'
[6.762s] Level 1:colcon.colcon_core.environment:checking '/home/winicon/RobotControl_ws/install/robots_nav_contr/bin'
[6.763s] Level 1:colcon.colcon_core.environment:create_environment_scripts_only(robots_nav_contr)
[6.764s] INFO:colcon.colcon_core.shell:Creating package script '/home/winicon/RobotControl_ws/install/robots_nav_contr/share/robots_nav_contr/package.ps1'
[6.767s] INFO:colcon.colcon_core.shell:Creating package descriptor '/home/winicon/RobotControl_ws/install/robots_nav_contr/share/robots_nav_contr/package.dsv'
[6.772s] INFO:colcon.colcon_core.shell:Creating package script '/home/winicon/RobotControl_ws/install/robots_nav_contr/share/robots_nav_contr/package.sh'
[6.777s] INFO:colcon.colcon_core.shell:Creating package script '/home/winicon/RobotControl_ws/install/robots_nav_contr/share/robots_nav_contr/package.bash'
[6.782s] INFO:colcon.colcon_core.shell:Creating package script '/home/winicon/RobotControl_ws/install/robots_nav_contr/share/robots_nav_contr/package.zsh'
[6.786s] Level 1:colcon.colcon_core.environment:create_file_with_runtime_dependencies(/home/winicon/RobotControl_ws/install/robots_nav_contr/share/colcon-core/packages/robots_nav_contr)
[6.791s] DEBUG:colcon.colcon_parallel_executor.executor.parallel:closing loop
[6.793s] DEBUG:colcon.colcon_parallel_executor.executor.parallel:loop closed
[6.793s] DEBUG:colcon.colcon_parallel_executor.executor.parallel:run_until_complete finished with '0'
[6.793s] DEBUG:colcon.colcon_core.event_reactor:joining thread
[6.827s] INFO:colcon.colcon_core.plugin_system:Skipping extension 'colcon_notification.desktop_notification.terminal_notifier': Not used on non-Darwin systems
[6.828s] INFO:colcon.colcon_core.plugin_system:Skipping extension 'colcon_notification.desktop_notification.win32': Not used on non-Windows systems
[6.828s] INFO:colcon.colcon_notification.desktop_notification:Sending desktop notification using 'notify2'
[6.869s] DEBUG:colcon.colcon_core.event_reactor:joined thread
[6.870s] INFO:colcon.colcon_core.shell:Creating prefix script '/home/winicon/RobotControl_ws/install/local_setup.ps1'
[6.874s] INFO:colcon.colcon_core.shell:Creating prefix util module '/home/winicon/RobotControl_ws/install/_local_setup_util_ps1.py'
[6.901s] INFO:colcon.colcon_core.shell:Creating prefix chain script '/home/winicon/RobotControl_ws/install/setup.ps1'
[6.909s] INFO:colcon.colcon_core.shell:Creating prefix script '/home/winicon/RobotControl_ws/install/local_setup.sh'
[7.436s] INFO:colcon.colcon_core.shell:Creating prefix util module '/home/winicon/RobotControl_ws/install/_local_setup_util_sh.py'
[7.441s] INFO:colcon.colcon_core.shell:Creating prefix chain script '/home/winicon/RobotControl_ws/install/setup.sh'
[7.704s] INFO:colcon.colcon_core.shell:Creating prefix script '/home/winicon/RobotControl_ws/install/local_setup.bash'
[7.705s] INFO:colcon.colcon_core.shell:Creating prefix chain script '/home/winicon/RobotControl_ws/install/setup.bash'
[7.707s] INFO:colcon.colcon_core.shell:Creating prefix script '/home/winicon/RobotControl_ws/install/local_setup.zsh'
[7.708s] INFO:colcon.colcon_core.shell:Creating prefix chain script '/home/winicon/RobotControl_ws/install/setup.zsh'
